> Task :app:checkKotlinGradlePluginConfigurationErrors SKIPPED
> Task :app:preBuild UP-TO-DATE
> Task :app:preDebugBuild UP-TO-DATE
> Task :app:checkDebugAarMetadata UP-TO-DATE
> Task :app:processDebugNavigationResources UP-TO-DATE
> Task :app:compileDebugNavigationResources UP-TO-DATE
> Task :app:generateDebugResValues UP-TO-DATE
> Task :app:mapDebugSourceSetPaths UP-TO-DATE
> Task :app:generateDebugResources UP-TO-DATE
> Task :app:mergeDebugResources UP-TO-DATE
> Task :app:packageDebugResources UP-TO-DATE
> Task :app:parseDebugLocalResources UP-TO-DATE
> Task :app:createDebugCompatibleScreenManifests UP-TO-DATE
> Task :app:extractDeepLinksDebug UP-TO-DATE
> Task :app:processDebugMainManifest UP-TO-DATE
> Task :app:processDebugManifest UP-TO-DATE
> Task :app:processDebugManifestForPackage UP-TO-DATE
> Task :app:processDebugResources UP-TO-DATE
> Task :app:kaptGenerateStubsDebugKotlin UP-TO-DATE
> Task :app:kaptDebugKotlin UP-TO-DATE

> Task :app:compileDebugKotlin FAILED
.\gradlew.bat : e: file:///C:/Users/gerla/AndroidStudioProjects/
FuelHub/app/src/main/java/dev/ml/fuelhub/presentation/screen/Das
hboardScreen.kt:177:34 Unresolved reference 'LocalGasStation'.
At line:1 char:1
+ .\gradlew.bat :app:compileDebugKotlin --console=plain 2>&1 | 
Out-File ...
+ ~~~~~~~~~~~~~~~~~~~~~~~~~~~~~~~~~~~~~~~~~~~~~~~~~~~~~~~~~~
    + CategoryInfo          : NotSpecified: (e: file:///C:/U... 
   calGasStation'.:String) [], RemoteException
    + FullyQualifiedErrorId : NativeCommandError
 
e: file:///C:/Users/gerla/AndroidStudioProjects/FuelHub/app/src/
main/java/dev/ml/fuelhub/presentation/screen/DashboardScreen.kt:
184:34 Unresolved reference 'Receipt'.
e: file:///C:/Users/gerla/AndroidStudioProjects/FuelHub/app/src/
main/java/dev/ml/fuelhub/presentation/screen/DashboardScreen.kt:
305:53 Unresolved reference 'AccountBalanceWallet'.
e: file:///C:/Users/gerla/AndroidStudioProjects/FuelHub/app/src/
main/java/dev/ml/fuelhub/presentation/screen/DashboardScreen.kt:
375:38 Unresolved reference 'AccountBalanceWallet'.
e: file:///C:/Users/gerla/AndroidStudioProjects/FuelHub/app/src/
main/java/dev/ml/fuelhub/presentation/screen/DashboardScreen.kt:
387:38 Unresolved reference 'Assessment'.
e: file:///C:/Users/gerla/AndroidStudioProjects/FuelHub/app/src/
main/java/dev/ml/fuelhub/presentation/screen/DashboardScreen.kt:
394:38 Unresolved reference 'History'.
e: file:///C:/Users/gerla/AndroidStudioProjects/FuelHub/app/src/
main/java/dev/ml/fuelhub/presentation/screen/DashboardScreen.kt:
518:53 Unresolved reference 'LocalGasStation'.
e: file:///C:/Users/gerla/AndroidStudioProjects/FuelHub/app/src/
main/java/dev/ml/fuelhub/presentation/screen/ReportScreen.kt:131
:45 Unresolved reference 'Assessment'.
e: file:///C:/Users/gerla/AndroidStudioProjects/FuelHub/app/src/
main/java/dev/ml/fuelhub/presentation/screen/ReportScreen.kt:147
:40 Unresolved reference 'Today'.
e: file:///C:/Users/gerla/AndroidStudioProjects/FuelHub/app/src/
main/java/dev/ml/fuelhub/presentation/screen/ReportScreen.kt:149
:42 Unresolved reference 'CalendarMonth'.
e: file:///C:/Users/gerla/AndroidStudioProjects/FuelHub/app/src/
main/java/dev/ml/fuelhub/presentation/screen/ReportScreen.kt:266
:42 Unresolved reference 'LocalGasStation'.
e: file:///C:/Users/gerla/AndroidStudioProjects/FuelHub/app/src/
main/java/dev/ml/fuelhub/presentation/screen/ReportScreen.kt:273
:42 Unresolved reference 'Receipt'.
e: file:///C:/Users/gerla/AndroidStudioProjects/FuelHub/app/src/
main/java/dev/ml/fuelhub/presentation/screen/ReportScreen.kt:338
:42 Unresolved reference 'LocalGasStation'.
e: file:///C:/Users/gerla/AndroidStudioProjects/FuelHub/app/src/
main/java/dev/ml/fuelhub/presentation/screen/ReportScreen.kt:345
:42 Unresolved reference 'TrendingUp'.
e: file:///C:/Users/gerla/AndroidStudioProjects/FuelHub/app/src/
main/java/dev/ml/fuelhub/presentation/screen/ReportScreen.kt:409
:42 Unresolved reference 'LocalGasStation'.
e: file:///C:/Users/gerla/AndroidStudioProjects/FuelHub/app/src/
main/java/dev/ml/fuelhub/presentation/screen/ReportScreen.kt:416
:42 Unresolved reference 'TrendingUp'.
e: file:///C:/Users/gerla/AndroidStudioProjects/FuelHub/app/src/
main/java/dev/ml/fuelhub/presentation/screen/ReportScreen.kt:502
:49 Unresolved reference 'CalendarToday'.
e: file:///C:/Users/gerla/AndroidStudioProjects/FuelHub/app/src/
main/java/dev/ml/fuelhub/presentation/screen/ReportScreen.kt:682
:53 Unresolved reference 'LocalGasStation'.
e: file:///C:/Users/gerla/AndroidStudioProjects/FuelHub/app/src/
main/java/dev/ml/fuelhub/presentation/screen/TransactionScreen.k
t:119:46 Unresolved reference 'DirectionsCar'.
e: file:///C:/Users/gerla/AndroidStudioProjects/FuelHub/app/src/
main/java/dev/ml/fuelhub/presentation/screen/TransactionScreen.k
t:126:46 Unresolved reference 'LocalGasStation'.
e: file:///C:/Users/gerla/AndroidStudioProjects/FuelHub/app/src/
main/java/dev/ml/fuelhub/presentation/screen/TransactionScreen.k
t:141:46 Unresolved reference 'Description'.
e: file:///C:/Users/gerla/AndroidStudioProjects/FuelHub/app/src/
main/java/dev/ml/fuelhub/presentation/screen/TransactionScreen.k
t:148:46 Unresolved reference 'Group'.
e: file:///C:/Users/gerla/AndroidStudioProjects/FuelHub/app/src/
main/java/dev/ml/fuelhub/presentation/screen/TransactionScreen.k
t:326:18 Unresolved reference 'PREMIUM'.
e: file:///C:/Users/gerla/AndroidStudioProjects/FuelHub/app/src/
main/java/dev/ml/fuelhub/presentation/screen/TransactionScreen.k
t:368:49 Unresolved reference 'LocalGasStation'.
e: file:///C:/Users/gerla/AndroidStudioProjects/FuelHub/app/src/
main/java/dev/ml/fuelhub/presentation/screen/WalletScreen.kt:201
:49 Unresolved reference 'AccountBalanceWallet'.
e: file:///C:/Users/gerla/AndroidStudioProjects/FuelHub/app/src/
main/java/dev/ml/fuelhub/presentation/screen/WalletScreen.kt:320
:11 Unresolved reference 'Dp'.
e: file:///C:/Users/gerla/AndroidStudioProjects/FuelHub/app/src/
main/java/dev/ml/fuelhub/presentation/screen/WalletScreen.kt:336
:34 Overload resolution ambiguity between candidates:
fun Dp.toPx(): Float
fun TextUnit.toPx(): Float
e: file:///C:/Users/gerla/AndroidStudioProjects/FuelHub/app/src/
main/java/dev/ml/fuelhub/presentation/screen/WalletScreen.kt:336
:41 Overload resolution ambiguity between candidates:
fun <T> Iterable<T>.minus(element: T): List<T>
fun <K, V> Map<out K, V>.minus(key: K): Map<K, V>
fun <T> Set<T>.minus(element: T): Set<T>
fun <T> Sequence<T>.minus(element: T): Sequence<T>
e: file:///C:/Users/gerla/AndroidStudioProjects/FuelHub/app/src/
main/java/dev/ml/fuelhub/presentation/screen/WalletScreen.kt:336
:61 Overload resolution ambiguity between candidates:
fun Dp.toPx(): Float
fun TextUnit.toPx(): Float
e: file:///C:/Users/gerla/AndroidStudioProjects/FuelHub/app/src/
main/java/dev/ml/fuelhub/presentation/screen/WalletScreen.kt:336
:68 Overload resolution ambiguity between candidates:
fun <T> Iterable<T>.minus(element: T): List<T>
fun <K, V> Map<out K, V>.minus(key: K): Map<K, V>
fun <T> Set<T>.minus(element: T): Set<T>
fun <T> Sequence<T>.minus(element: T): Sequence<T>
e: file:///C:/Users/gerla/AndroidStudioProjects/FuelHub/app/src/
main/java/dev/ml/fuelhub/presentation/screen/WalletScreen.kt:347
:34 Overload resolution ambiguity between candidates:
fun Dp.toPx(): Float
fun TextUnit.toPx(): Float
e: file:///C:/Users/gerla/AndroidStudioProjects/FuelHub/app/src/
main/java/dev/ml/fuelhub/presentation/screen/WalletScreen.kt:347
:41 Overload resolution ambiguity between candidates:
fun <T> Iterable<T>.minus(element: T): List<T>
fun <K, V> Map<out K, V>.minus(key: K): Map<K, V>
fun <T> Set<T>.minus(element: T): Set<T>
fun <T> Sequence<T>.minus(element: T): Sequence<T>
e: file:///C:/Users/gerla/AndroidStudioProjects/FuelHub/app/src/
main/java/dev/ml/fuelhub/presentation/screen/WalletScreen.kt:347
:61 Overload resolution ambiguity between candidates:
fun Dp.toPx(): Float
fun TextUnit.toPx(): Float
e: file:///C:/Users/gerla/AndroidStudioProjects/FuelHub/app/src/
main/java/dev/ml/fuelhub/presentation/screen/WalletScreen.kt:347
:68 Overload resolution ambiguity between candidates:
fun <T> Iterable<T>.minus(element: T): List<T>
fun <K, V> Map<out K, V>.minus(key: K): Map<K, V>
fun <T> Set<T>.minus(element: T): Set<T>
fun <T> Sequence<T>.minus(element: T): Sequence<T>
e: file:///C:/Users/gerla/AndroidStudioProjects/FuelHub/app/src/
main/java/dev/ml/fuelhub/presentation/screen/WalletScreen.kt:371
:34 Unresolved reference 'TrendingDown'.
e: file:///C:/Users/gerla/AndroidStudioProjects/FuelHub/app/src/
main/java/dev/ml/fuelhub/presentation/screen/WalletScreen.kt:378
:34 Unresolved reference 'Inventory'.
e: file:///C:/Users/gerla/AndroidStudioProjects/FuelHub/app/src/
main/java/dev/ml/fuelhub/presentation/screen/WalletScreen.kt:565
:78 Unresolved reference 'ArrowDownward'.
e: file:///C:/Users/gerla/AndroidStudioProjects/FuelHub/app/src/
main/java/dev/ml/fuelhub/presentation/screen/WalletScreen.kt:565
:111 Unresolved reference 'ArrowUpward'.
e: file:///C:/Users/gerla/AndroidStudioProjects/FuelHub/app/src/
main/java/dev/ml/fuelhub/presentation/screen/WalletScreen.kt:608
:45 Unresolved reference 'Error'.

FAILURE: Build failed with an exception.

* What went wrong:
Execution failed for task ':app:compileDebugKotlin'.
> A failure occurred while executing org.jetbrains.kotlin.compil
erRunner.GradleCompilerRunnerWithWorkers$GradleKotlinCompilerWor
kAction
   > Compilation error. See log for more details

* Try:
> Run with --stacktrace option to get the stack trace.
> Run with --info or --debug option to get more log output.
> Run with --scan to get full insights.
> Get more help at https://help.gradle.org.

BUILD FAILED in 2s
18 actionable tasks: 1 executed, 17 up-to-date
